[19:27:24] [main/INFO] (FabricLoader/GameProvider) Loading Minecraft 1.21.1 with Fabric Loader 0.17.2
[19:27:24] [main/INFO] (FabricLoader) Loading 58 mods:
	- fabric-api 0.116.8+1.21.1
	- fabric-api-base 0.4.42+6573ed8c19
	- fabric-api-lookup-api-v1 1.6.71+b559734419
	- fabric-biome-api-v1 13.0.31+d527f9fd19
	- fabric-block-api-v1 1.1.0+0bc3503219
	- fabric-block-view-api-v2 1.0.11+ebb2264e19
	- fabric-blockrenderlayer-v1 1.1.52+0af3f5a719
	- fabric-client-tags-api-v1 1.1.15+6573ed8c19
	- fabric-command-api-v1 1.2.49+f71b366f19
	- fabric-command-api-v2 2.2.28+6ced4dd919
	- fabric-commands-v0 0.2.66+df3654b319
	- fabric-content-registries-v0 8.0.19+b559734419
	- fabric-convention-tags-v1 2.1.6+7f945d5b19
	- fabric-convention-tags-v2 2.11.2+fa89716719
	- fabric-crash-report-info-v1 0.2.29+0af3f5a719
	- fabric-data-attachment-api-v1 1.4.6+5b36e0f719
	- fabric-data-generation-api-v1 20.2.35+37516cd619
	- fabric-dimensions-v1 4.0.1+65213ef819
	- fabric-entity-events-v1 1.8.0+2b27e0a419
	- fabric-events-interaction-v0 0.7.13+ba9dae0619
	- fabric-game-rule-api-v1 1.0.53+6ced4dd919
	- fabric-gametest-api-v1 2.0.5+6fc22b9919
	- fabric-item-api-v1 11.2.0+3b3cb2e819
	- fabric-item-group-api-v1 4.1.7+def88e3a19
	- fabric-key-binding-api-v1 1.0.47+0af3f5a719
	- fabric-keybindings-v0 0.2.45+df3654b319
	- fabric-lifecycle-events-v1 2.6.0+0865547519
	- fabric-loot-api-v2 3.0.15+3f89f5a519
	- fabric-loot-api-v3 1.0.3+3f89f5a519
	- fabric-message-api-v1 6.0.14+8aaf3aca19
	- fabric-model-loading-api-v1 2.1.0+b4d813fc19
	- fabric-networking-api-v1 4.3.0+c7469b2119
	- fabric-object-builder-api-v1 15.2.1+40875a9319
	- fabric-particles-v1 4.0.2+6573ed8c19
	- fabric-recipe-api-v1 5.0.15+2475392c19
	- fabric-registry-sync-v0 5.3.1+e3eddc2119
	- fabric-renderer-api-v1 3.4.1+b4d813fc19
	- fabric-renderer-indigo 1.7.1+c705a49c19
	- fabric-renderer-registries-v1 3.2.69+df3654b319
	- fabric-rendering-data-attachment-v1 0.3.49+73761d2e19
	- fabric-rendering-fluids-v1 3.1.6+1daea21519
	- fabric-rendering-v0 1.1.72+df3654b319
	- fabric-rendering-v1 5.1.0+ab4c25a019
	- fabric-resource-conditions-api-v1 4.3.0+8dc279b119
	- fabric-resource-loader-v0 1.3.1+5b5275af19
	- fabric-screen-api-v1 2.0.25+8b68f1c719
	- fabric-screen-handler-api-v1 1.3.90+b559734419
	- fabric-sound-api-v1 1.0.23+6573ed8c19
	- fabric-transfer-api-v1 5.4.3+c24bd99419
	- fabric-transitive-access-wideners-v1 6.2.0+45b9699719
	- fabricloader 0.17.2
	- iris 1.8.8+mc1.21.1
	- java 21
	- minecraft 1.21.1
	- mixinextras 0.5.0
	- modmenu 11.0.3
	- photonics 0.2.10
	- sodium 0.6.13+mc1.21.1
[19:27:24] [main/INFO] (FabricLoader/Mixin) SpongePowered MIXIN Subsystem Version=0.8.7 Source=file:/C:/Users/neil_/.gradle/caches/modules-2/files-2.1/net.fabricmc/sponge-mixin/0.16.3+mixin.0.8.7/3e535042688d1265447e52ad86950b7d9678a5fa/sponge-mixin-0.16.3+mixin.0.8.7.jar Service=Knot/Fabric Env=CLIENT
[19:27:25] [main/INFO] (FabricLoader/Mixin) Loaded Fabric development mappings for mixin remapper!
[19:27:25] [main/INFO] (FabricLoader/Mixin) Compatibility level set to JAVA_21
[19:27:25] [main/INFO] (Sodium) Loaded configuration file for Sodium: 43 options available, 1 override(s) found
[19:27:25] [main/WARN] (Sodium) Force-disabling mixin 'features.render.world.sky.FogRendererMixin' as rule 'mixin.features.render.world.sky' (added by mods [iris]) disables it and children
[19:27:25] [main/WARN] (Sodium) Force-disabling mixin 'features.render.world.sky.ClientLevelMixin' as rule 'mixin.features.render.world.sky' (added by mods [iris]) disables it and children
[19:27:25] [main/WARN] (Sodium) Force-disabling mixin 'features.render.world.sky.LevelRendererMixin' as rule 'mixin.features.render.world.sky' (added by mods [iris]) disables it and children
[19:27:26] [main/INFO] (Sodium-GraphicsAdapterProbe) Searching for graphics cards...
[19:27:26] [main/INFO] (Sodium-GraphicsAdapterProbe) Found graphics adapter: AdapterInfo{vendor=NVIDIA, description='NVIDIA GeForce RTX 4070 Laptop GPU', adapterType=0x00002313, openglIcdFilePath='C:\WINDOWS\System32\DriverStore\FileRepository\nvami.inf_amd64_7e303e88b9187642\nvoglv64.dll', openglIcdVersion=32.0.15.9159}
[19:27:26] [main/INFO] (Sodium-GraphicsAdapterProbe) Found graphics adapter: AdapterInfo{vendor=INTEL, description='Intel(R) Arc(TM) Graphics', adapterType=0x0000232B, openglIcdFilePath='C:\WINDOWS\System32\DriverStore\FileRepository\iigd_dch.inf_amd64_c58e78eb0152b1e4\igxelpgicd64.dll', openglIcdVersion=32.0.101.6554}
[19:27:26] [main/WARN] (Sodium-Workarounds) Sodium has applied one or more workarounds to prevent crashes or other issues on your system: [NVIDIA_THREADED_OPTIMIZATIONS_BROKEN]
[19:27:26] [main/WARN] (Sodium-Workarounds) This is not necessarily an issue, but it may result in certain features or optimizations being disabled. You can sometimes fix these issues by upgrading your graphics driver.
[19:27:26] [main/INFO] (FabricLoader/MixinExtras|Service) Initializing MixinExtras via com.llamalad7.mixinextras.service.MixinExtrasServiceImpl(version=0.5.0).
[19:27:28] [Datafixer Bootstrap/INFO] (Minecraft) 226 Datafixer optimizations took 381 milliseconds
[19:27:34] [Render thread/INFO] (Minecraft) Environment: Environment[sessionHost=https://sessionserver.mojang.com, servicesHost=https://api.minecraftservices.com, name=PROD]
[19:27:34] [Render thread/INFO] (Minecraft) Setting user: Player424
[19:27:35] [Render thread/INFO] (Indigo) [Indigo] Different rendering plugin detected; not applying Indigo.
[19:27:36] [Render thread/INFO] (Mod Menu/Update Checker) Checking mod updates...
[19:27:36] [ModMenu/Update Checker/Fabric Loader/INFO] (Mod Menu/Update Checker) Update available for 'fabricloader@0.17.2'
[19:27:36] [ForkJoinPool.commonPool-worker-1/WARN] (Iris) [Iris Update Check] This version doesn't have an update index, skipping.
[19:27:36] [Render thread/INFO] (Minecraft) Backend library: LWJGL version 3.3.3-snapshot
[19:27:36] [Render thread/INFO] (Sodium-NvidiaWorkarounds) Modifying process environment to apply workarounds for the NVIDIA graphics driver...
[19:27:37] [Render thread/INFO] (Minecraft) OpenGL Vendor: NVIDIA Corporation
[19:27:37] [Render thread/INFO] (Minecraft) OpenGL Renderer: NVIDIA GeForce RTX 4070 Laptop GPU/PCIe/SSE2
[19:27:37] [Render thread/INFO] (Minecraft) OpenGL Version: 4.6.0 NVIDIA 591.59
[19:27:37] [Render thread/INFO] (Sodium-NvidiaWorkarounds) Modifying OpenGL context to apply workarounds for the NVIDIA graphics driver...
[19:27:37] [Render thread/INFO] (Sodium-NvidiaWorkarounds) Enabling GL_DEBUG_OUTPUT_SYNCHRONOUS to force the NVIDIA driver to disable threadedcommand submission
[19:27:37] [Render thread/INFO] (Iris) Debug functionality is disabled.
[19:27:37] [Render thread/INFO] (Iris) OpenGL 4.5 detected, enabling DSA.
[19:27:37] [Render thread/WARN] (Photonics) Patch E:\RE\photonics\build\resources\main\assets\photonic\shaders\patches\BSL_v8.2.09 is probably not compatible
[19:27:37] [Render thread/WARN] (Photonics) Patch E:\RE\photonics\build\resources\main\assets\photonic\shaders\patches\BSL_v8.2.09 is probably not compatible
[19:27:38] [Render thread/INFO] (Iris) Profile: Custom (+178 options changed by user)
[19:27:39] [Render thread/INFO] (Iris) Using shaderpack: ComplementaryReimagined_r5.7.1 + EuphoriaPatches_1.8.6
[19:27:40] [Render thread/INFO] (Iris) Hardware information:
[19:27:40] [Render thread/INFO] (Iris) CPU: 22x Intel(R) Core(TM) Ultra 9 185H
[19:27:40] [Render thread/INFO] (Iris) GPU: NVIDIA GeForce RTX 4070 Laptop GPU/PCIe/SSE2 (Supports OpenGL 4.6.0 NVIDIA 591.59)
[19:27:40] [Render thread/INFO] (Iris) OS: Windows 11 (10.0)
[19:27:40] [Render thread/INFO] (Minecraft) Reloading ResourceManager: vanilla, fabric, fabric-api, fabric-api-base, fabric-api-lookup-api-v1, fabric-biome-api-v1, fabric-block-api-v1, fabric-block-view-api-v2, fabric-blockrenderlayer-v1, fabric-client-tags-api-v1, fabric-command-api-v1, fabric-command-api-v2, fabric-commands-v0, fabric-content-registries-v0, fabric-convention-tags-v1, fabric-convention-tags-v2, fabric-crash-report-info-v1, fabric-data-attachment-api-v1, fabric-data-generation-api-v1, fabric-dimensions-v1, fabric-entity-events-v1, fabric-events-interaction-v0, fabric-game-rule-api-v1, fabric-gametest-api-v1, fabric-item-api-v1, fabric-item-group-api-v1, fabric-key-binding-api-v1, fabric-keybindings-v0, fabric-lifecycle-events-v1, fabric-loot-api-v2, fabric-loot-api-v3, fabric-message-api-v1, fabric-model-loading-api-v1, fabric-networking-api-v1, fabric-object-builder-api-v1, fabric-particles-v1, fabric-recipe-api-v1, fabric-registry-sync-v0, fabric-renderer-api-v1, fabric-renderer-indigo, fabric-renderer-registries-v1, fabric-rendering-data-attachment-v1, fabric-rendering-fluids-v1, fabric-rendering-v0, fabric-rendering-v1, fabric-resource-conditions-api-v1, fabric-resource-loader-v0, fabric-screen-api-v1, fabric-screen-handler-api-v1, fabric-sound-api-v1, fabric-transfer-api-v1, fabric-transitive-access-wideners-v1, fabricloader, iris, modmenu, photonics, sodium
[19:27:40] [Worker-Main-10/INFO] (Minecraft) Found unifont_all_no_pua-15.1.05.hex, loading
[19:27:40] [Worker-Main-8/INFO] (Minecraft) Found unifont_jp_patch-15.1.05.hex, loading
[19:27:42] [Render thread/WARN] (Minecraft) Missing sound for event: minecraft:item.goat_horn.play
[19:27:42] [Render thread/WARN] (Minecraft) Missing sound for event: minecraft:entity.goat.screaming.horn_break
[19:27:43] [Render thread/INFO] (Minecraft) OpenAL initialized on device OpenAL Soft on 扬声器 (Realtek(R) Audio)
[19:27:43] [Render thread/INFO] (Minecraft) Sound engine started
[19:27:43] [Render thread/INFO] (Minecraft) Created: 1024x512x4 minecraft:textures/atlas/blocks.png-atlas
[19:27:43] [Render thread/INFO] (Minecraft) Created: 256x256x4 minecraft:textures/atlas/signs.png-atlas
[19:27:43] [Render thread/INFO] (Minecraft) Created: 512x512x4 minecraft:textures/atlas/banner_patterns.png-atlas
[19:27:43] [Render thread/INFO] (Minecraft) Created: 512x512x4 minecraft:textures/atlas/shield_patterns.png-atlas
[19:27:43] [Render thread/INFO] (Minecraft) Created: 1024x1024x4 minecraft:textures/atlas/armor_trims.png-atlas
[19:27:43] [Render thread/INFO] (Minecraft) Created: 128x64x4 minecraft:textures/atlas/decorated_pot.png-atlas
[19:27:43] [Render thread/INFO] (Minecraft) Created: 256x256x4 minecraft:textures/atlas/chest.png-atlas
[19:27:43] [Render thread/INFO] (Minecraft) Created: 512x256x4 minecraft:textures/atlas/beds.png-atlas
[19:27:43] [Render thread/INFO] (Minecraft) Created: 512x256x4 minecraft:textures/atlas/shulker_boxes.png-atlas
[19:27:43] [Render thread/INFO] (Minecraft) Created: 512x256x0 minecraft:textures/atlas/particles.png-atlas
[19:27:43] [Render thread/INFO] (Minecraft) Created: 512x256x0 minecraft:textures/atlas/paintings.png-atlas
[19:27:43] [Render thread/INFO] (Minecraft) Created: 256x128x0 minecraft:textures/atlas/mob_effects.png-atlas
[19:27:43] [Render thread/INFO] (Minecraft) Created: 64x64x0 minecraft:textures/atlas/map_decorations.png-atlas
[19:27:43] [Render thread/INFO] (Minecraft) Created: 1024x512x0 minecraft:textures/atlas/gui.png-atlas
[19:27:43] [Render thread/WARN] (Minecraft) Shader rendertype_entity_translucent_emissive could not find sampler named Sampler2 in the specified shader program.
[19:27:43] [Render thread/INFO] (Iris) Creating pipeline for dimension minecraft:overworld
[19:29:11] [Render thread/INFO] (Minecraft) Loaded 1290 recipes
[19:29:11] [Render thread/INFO] (Minecraft) Loaded 1399 advancements
[19:29:12] [Render thread/INFO] (BiomeModificationImpl) Applied 0 biome modifications to 0 of 64 new biomes in 1.422 ms
[19:29:12] [Server thread/INFO] (Minecraft) Starting integrated minecraft server version 1.21.1
[19:29:12] [Server thread/INFO] (Minecraft) Generating keypair
[19:29:13] [Server thread/INFO] (Minecraft) Preparing start region for dimension minecraft:overworld
[19:29:13] [Render thread/INFO] (Minecraft) Preparing spawn area: 0%
[19:29:14] [Render thread/INFO] (Minecraft) Time elapsed: 419 ms
[19:29:14] [Server thread/INFO] (Minecraft) Changing view distance to 12, from 10
[19:29:14] [Server thread/INFO] (Minecraft) Changing simulation distance to 12, from 0
[19:29:15] [Server thread/INFO] (Minecraft) Player424[local:E:09fc995e] logged in with entity id 46 at (233.48003724966608, 64.0, -123.30000001192093)
[19:29:15] [Server thread/INFO] (Minecraft) Player424 joined the game
[19:29:15] [Render thread/INFO] (Iris) Reloading pipeline on dimension change: minecraft:overworld => minecraft:overworld
[19:29:15] [Render thread/INFO] (Iris) Destroying pipeline minecraft:overworld
[19:29:15] [Render thread/INFO] (Iris) Creating pipeline for dimension minecraft:overworld
[19:29:16] [Render thread/INFO] (ChunkBuilder) Started 5 worker threads
[19:29:16] [Render thread/INFO] (Minecraft) Loaded 9 advancements
[19:29:16] [Render thread/WARN] (Iris) Failed to find the tag dimdoors:ag_door
[19:29:16] [Render thread/WARN] (Iris) Failed to find the tag immersive_weathering:leaf_piles
[19:29:16] [Render thread/WARN] (Iris) Failed to find the tag everycomp:ch/tfc/oak_planks
[19:29:16] [Render thread/WARN] (Iris) Failed to find the tag everycomp:ch/tfc/spruce_planks
[19:29:16] [Render thread/WARN] (Iris) Failed to find the tag everycomp:ch/tfc/sycamore_planks
[19:29:16] [Render thread/WARN] (Iris) Failed to find the tag tfc:wood_type/blackwood
[19:29:16] [Render thread/WARN] (Iris) Failed to find the tag tfc:wood_type/chestnut
[19:29:16] [Render thread/WARN] (Iris) Failed to find the tag tfc:wood_type/hickory
[19:29:16] [Render thread/WARN] (Iris) Failed to find the tag tfc:wood_type/oak
[19:29:16] [Render thread/WARN] (Iris) Failed to find the tag everycomp:ch/tfc/birch_planks
[19:29:16] [Render thread/WARN] (Iris) Failed to find the tag everycomp:ch/tfc/chestnut_planks
[19:29:16] [Render thread/WARN] (Iris) Failed to find the tag everycomp:ch/tfc/maple_planks
[19:29:16] [Render thread/WARN] (Iris) Failed to find the tag everycomp:ch/tfc/palm_planks
[19:29:16] [Render thread/WARN] (Iris) Failed to find the tag everycomp:ch/tfc/rosewood_planks
[19:29:16] [Render thread/WARN] (Iris) Failed to find the tag everycomp:ch/tfc/sequoia_planks
[19:29:16] [Render thread/WARN] (Iris) Failed to find the tag tfc:wood_type/sequoia
[19:29:16] [Render thread/WARN] (Iris) Failed to find the tag tfc:wood_type/spruce
[19:29:16] [Render thread/WARN] (Iris) Failed to find the tag everycomp:ch/tfc/douglas_fir_planks
[19:29:16] [Render thread/WARN] (Iris) Failed to find the tag tfc:wood_type/douglas_fir
[19:29:16] [Render thread/WARN] (Iris) Failed to find the tag tfc:wood_type/aspen
[19:29:16] [Render thread/WARN] (Iris) Failed to find the tag tfc:wood_type/birch
[19:29:16] [Render thread/WARN] (Iris) Failed to find the tag tfc:wood_type/sycamore
[19:29:16] [Render thread/WARN] (Iris) Failed to find the tag tfc:wood_type/white_cedar
[19:29:16] [Render thread/WARN] (Iris) Failed to find the tag tfc:wood_type/kapok
[19:29:16] [Render thread/WARN] (Iris) Failed to find the tag everycomp:ch/tfc/acacia_planks
[19:29:16] [Render thread/WARN] (Iris) Failed to find the tag everycomp:ch/tfc/ash_planks
[19:29:16] [Render thread/WARN] (Iris) Failed to find the tag tfc:wood_type/ash
[19:29:16] [Render thread/WARN] (Iris) Failed to find the tag tfc:wood_type/acacia
[19:29:16] [Render thread/WARN] (Iris) Failed to find the tag everycomp:ch/tfc/aspen_planks
[19:29:16] [Render thread/WARN] (Iris) Failed to find the tag everycomp:ch/tfc/blackwood_planks
[19:29:16] [Render thread/WARN] (Iris) Failed to find the tag everycomp:ch/tfc/hickory_planks
[19:29:16] [Render thread/WARN] (Iris) Failed to find the tag everycomp:ch/tfc/willow_planks
[19:29:16] [Render thread/WARN] (Iris) Failed to find the tag everycomp:ch/tfc/mangrove_planks
[19:29:16] [Render thread/WARN] (Iris) Failed to find the tag tfc:wood_type/mangrove
[19:29:16] [Render thread/WARN] (Iris) Failed to find the tag everycomp:ch/tfc/kapok_planks
[19:29:16] [Render thread/WARN] (Iris) Failed to find the tag everycomp:ch/tfc/pine_planks
[19:29:16] [Render thread/WARN] (Iris) Failed to find the tag everycomp:ch/tfc/white_cedar_planks
[19:29:16] [Render thread/WARN] (Iris) Failed to find the tag tfc:wood_type/maple
[19:29:16] [Render thread/WARN] (Iris) Failed to find the tag tfc:wood_type/palm
[19:29:16] [Render thread/WARN] (Iris) Failed to find the tag tfc:wood_type/pine
[19:29:16] [Render thread/WARN] (Iris) Failed to find the tag tfc:wood_type/rosewood
[19:29:16] [Render thread/WARN] (Iris) Failed to find the tag tfc:wood_type/willow
[19:29:16] [Render thread/WARN] (Iris) Failed to find the tag chiselsandbits:chiseled/block
[19:29:16] [Render thread/INFO] (ChunkBuilder) Stopping worker threads
[19:29:16] [Render thread/INFO] (ChunkBuilder) Started 5 worker threads
[19:29:17] [Render thread/WARN] (Minecraft) Shader clouds could not find uniform named ModelViewMat in the specified shader program.
[19:29:17] [Render thread/WARN] (Minecraft) Shader clouds could not find uniform named ProjMat in the specified shader program.
[19:29:17] [Render thread/WARN] (Minecraft) Shader clouds could not find uniform named ColorModulator in the specified shader program.
[19:29:17] [Render thread/WARN] (Minecraft) Shader clouds could not find uniform named FogStart in the specified shader program.
[19:29:17] [Render thread/WARN] (Minecraft) Shader clouds could not find uniform named FogEnd in the specified shader program.
[19:29:17] [Render thread/WARN] (Minecraft) Shader clouds could not find uniform named FogColor in the specified shader program.
[19:29:17] [Render thread/INFO] (Minecraft) [System] [CHAT] Thank you for trying out Photonics!\nRemember that this is a Beta version of my raytracing mod, bugs are expected! If you experience a bug, please report them on my Github. Thank you! (I'm using my freetime to develop this mod and it took me 3 years to get to this point, so please be friendly and leave feedback)\n\nReminder:\n- You can enable Multi-Threading for increased loading speeds in the mod settings, might break some things, though\n\nHave fun!
[19:29:50] [Server thread/INFO] (Minecraft) Saving and pausing game...
[19:29:50] [Server thread/INFO] (Minecraft) Saving chunks for level 'ServerLevel[New World]'/minecraft:overworld
[19:29:50] [Server thread/INFO] (Minecraft) Saving chunks for level 'ServerLevel[New World]'/minecraft:the_end
[19:29:50] [Server thread/INFO] (Minecraft) Saving chunks for level 'ServerLevel[New World]'/minecraft:the_nether
[19:29:54] [Render thread/INFO] (Photonics) [PixelationDebug] frame=2034 face=-Y base=(265.6012, 258.01, 259.463) snapped=(265.59375, 258.01, 259.46875) snapDist=0.009400207 planeFrac=(0.6188965, 0.4083252) blockY=0.010017395 checker=0.0 centerBranch=2.0 sameCell=1.0
[19:29:55] [Render thread/INFO] (Photonics) [PixelationDebug] frame=2091 face=-Y base=(265.61084, 258.00995, 259.47034) snapped=(265.59375, 258.00995, 259.46875) snapDist=0.017163362 planeFrac=(0.7734375, 0.5255127) blockY=0.00995636 checker=0.0 centerBranch=2.0 sameCell=1.0
[19:29:56] [Render thread/INFO] (Photonics) [PixelationDebug] frame=2151 face=-Z base=(265.33173, 258.8498, 261.01004) snapped=(265.34375, 258.84375, 261.01004) snapDist=0.013456834 planeFrac=(0.30737305, 0.5969238) blockY=0.84980774 checker=0.0 centerBranch=2.0 sameCell=1.0
[19:29:57] [Render thread/INFO] (Photonics) [PixelationDebug] frame=2210 face=-Z base=(265.73962, 258.38394, 261.01007) snapped=(265.71875, 258.40625, 261.01007) snapDist=0.030551387 planeFrac=(0.8339844, 0.14294434) blockY=0.38393402 checker=1.0 centerBranch=2.0 sameCell=1.0
[19:29:58] [Render thread/INFO] (Photonics) [PixelationDebug] frame=2268 face=-X base=(267.01, 258.42197, 259.37207) snapped=(267.01, 258.40625, 259.34375) snapDist=0.032389045 planeFrac=(0.7513428, 0.9530029) blockY=0.42195892 checker=1.0 centerBranch=2.0 sameCell=1.0
[19:29:59] [Render thread/INFO] (Photonics) [PixelationDebug] frame=2328 face=-X base=(267.01, 258.16623, 259.48996) snapped=(267.01, 258.15625, 259.46875) snapDist=0.023440082 planeFrac=(0.65966797, 0.83935547) blockY=0.16622925 checker=1.0 centerBranch=2.0 sameCell=1.0
[19:29:59] [Server thread/INFO] (Minecraft) Saving and pausing game...
[19:29:59] [Server thread/INFO] (Minecraft) Saving chunks for level 'ServerLevel[New World]'/minecraft:overworld
[19:29:59] [Server thread/INFO] (Minecraft) Saving chunks for level 'ServerLevel[New World]'/minecraft:the_end
[19:29:59] [Server thread/INFO] (Minecraft) Saving chunks for level 'ServerLevel[New World]'/minecraft:the_nether
[19:30:00] [Render thread/INFO] (Photonics) [PixelationDebug] frame=2386 face=-X base=(267.00995, 258.1662, 259.48993) snapped=(267.00995, 258.15625, 259.46875) snapDist=0.023399482 planeFrac=(0.6594238, 0.8388672) blockY=0.16621399 checker=1.0 centerBranch=2.0 sameCell=1.0
[19:30:01] [Render thread/INFO] (Photonics) [PixelationDebug] frame=2442 face=-X base=(267.00995, 258.1662, 259.48993) snapped=(267.00995, 258.15625, 259.46875) snapDist=0.023399482 planeFrac=(0.6594238, 0.8388672) blockY=0.16621399 checker=1.0 centerBranch=2.0 sameCell=1.0
[19:30:04] [Server thread/INFO] (Minecraft) Player424 lost connection: Disconnected
[19:30:04] [Server thread/INFO] (Minecraft) Player424 left the game
[19:30:04] [Server thread/INFO] (Minecraft) Stopping singleplayer server as player logged out
[19:30:04] [Server thread/INFO] (Minecraft) Stopping server
[19:30:04] [Server thread/INFO] (Minecraft) Saving players
[19:30:04] [Server thread/INFO] (Minecraft) Saving worlds
[19:30:05] [Server thread/INFO] (Minecraft) Saving chunks for level 'ServerLevel[New World]'/minecraft:overworld
[19:30:05] [Server thread/INFO] (Minecraft) Saving chunks for level 'ServerLevel[New World]'/minecraft:the_end
[19:30:05] [Server thread/INFO] (Minecraft) Saving chunks for level 'ServerLevel[New World]'/minecraft:the_nether
[19:30:05] [Server thread/INFO] (Minecraft) ThreadedAnvilChunkStorage (New World): All chunks are saved
[19:30:05] [Server thread/INFO] (Minecraft) ThreadedAnvilChunkStorage (DIM1): All chunks are saved
[19:30:05] [Server thread/INFO] (Minecraft) ThreadedAnvilChunkStorage (DIM-1): All chunks are saved
[19:30:05] [Server thread/INFO] (Minecraft) ThreadedAnvilChunkStorage: All dimensions are saved
[19:30:05] [Render thread/INFO] (ChunkBuilder) Stopping worker threads
[19:30:08] [Render thread/INFO] (Minecraft) Stopping!
